run_gpu_tests_private: DISPLAY=:5 (private Xwayland), WAYLAND_DISPLAY=cna-weston-2463293 (private Weston)
Internal ctest changing into directory: /rv/data/development/github.com/libcna/cna-gamer-services-server/build
Test project /rv/data/development/github.com/libcna/cna-gamer-services-server/build
      Start 18: service_relay_wss
      Start  7: service_atomicity
 1/40 Test  #7: service_atomicity .........................   Passed   29.51 sec
      Start 21: service_cna_owned_enet
 2/40 Test #18: service_relay_wss .........................   Passed   56.47 sec
      Start 36: service_cache_authorization
 3/40 Test #36: service_cache_authorization ...............   Passed    5.65 sec
      Start 31: service_cna_session_host_crash
 4/40 Test #31: service_cna_session_host_crash ............***Skipped   0.20 sec
      Start 38: service_concurrency_lifetime
 5/40 Test #38: service_concurrency_lifetime ..............   Passed    2.90 sec
      Start 35: service_admission
 6/40 Test #35: service_admission .........................   Passed    5.61 sec
      Start 28: service_cna_session_restart
 7/40 Test #21: service_cna_owned_enet ....................   Passed   62.18 sec
      Start  5: service_privacy
 8/40 Test #28: service_cna_session_restart ...............   Passed   25.83 sec
      Start 37: service_progress_trust
 9/40 Test  #5: service_privacy ...........................   Passed    5.69 sec
      Start 22: service_cna_owned_enet_nat
10/40 Test #22: service_cna_owned_enet_nat ................***Skipped   0.17 sec
      Start  3: service_benchmark_smoke
11/40 Test #37: service_progress_trust ....................   Passed    2.67 sec
      Start 25: service_cna_invite
12/40 Test  #3: service_benchmark_smoke ...................   Passed   13.82 sec
      Start 30: service_cna_session_migration
13/40 Test #25: service_cna_invite ........................   Passed   23.84 sec
      Start 33: service_picture_privacy
14/40 Test #33: service_picture_privacy ...................   Passed    3.03 sec
      Start  2: service_tls_e2e
15/40 Test #30: service_cna_session_migration .............   Passed   15.69 sec
      Start 27: service_cna_avatars
16/40 Test  #2: service_tls_e2e ...........................   Passed   16.44 sec
      Start 29: service_cna_session_restart_nat
17/40 Test #29: service_cna_session_restart_nat ...........***Skipped   0.31 sec
      Start  4: service_ranked_migration
18/40 Test  #4: service_ranked_migration ..................   Passed    3.26 sec
      Start 23: service_cna_session
19/40 Test #27: service_cna_avatars .......................   Passed   29.03 sec
      Start 26: service_cna_invite_nat
20/40 Test #26: service_cna_invite_nat ....................***Skipped   0.13 sec
      Start 34: service_numeric_persistence
21/40 Test #34: service_numeric_persistence ...............   Passed    2.10 sec
      Start 32: service_cna_session_add_gamer
22/40 Test #32: service_cna_session_add_gamer .............***Skipped   0.22 sec
      Start 19: service_cna_relay
23/40 Test #23: service_cna_session .......................   Passed   17.85 sec
      Start 10: service_avatars
24/40 Test #10: service_avatars ...........................   Passed    6.74 sec
      Start  1: service_unit
25/40 Test #19: service_cna_relay .........................   Passed   17.74 sec
      Start 24: service_cna_session_nat
26/40 Test #24: service_cna_session_nat ...................***Skipped   0.22 sec
      Start 13: service_invitations
27/40 Test #13: service_invitations .......................   Passed    9.20 sec
      Start 14: service_cna_directory
28/40 Test #14: service_cna_directory .....................   Passed   22.52 sec
      Start 11: service_avatar_validation
29/40 Test #11: service_avatar_validation .................   Passed   11.45 sec
      Start  8: service_directory
30/40 Test  #8: service_directory .........................   Passed    8.73 sec
      Start 12: service_social
31/40 Test #12: service_social ............................   Passed    5.91 sec
      Start 20: service_cna_relay_nat
32/40 Test #20: service_cna_relay_nat .....................***Skipped   0.27 sec
      Start  9: service_arbitration
33/40 Test  #9: service_arbitration .......................   Passed    5.68 sec
      Start 16: service_relay_authorization
34/40 Test #16: service_relay_authorization ...............   Passed    9.32 sec
      Start  6: service_database_lock
35/40 Test  #6: service_database_lock .....................   Passed    0.09 sec
      Start 15: service_relay_protocol
36/40 Test #15: service_relay_protocol ....................   Passed    0.12 sec
      Start 17: service_relay_flow
37/40 Test #17: service_relay_flow ........................   Passed    0.17 sec
      Start 39: service_cna_session_host_crash_loopback
38/40 Test  #1: service_unit ..............................   Passed  101.65 sec
      Start 40: service_cna_session_add_gamer_loopback
39/40 Test #40: service_cna_session_add_gamer_loopback ....   Passed   18.47 sec
40/40 Test #39: service_cna_session_host_crash_loopback ...   Passed   57.21 sec

100% tests passed, 0 tests failed out of 40

Total Test time (real) = 307.23 sec

The following tests did not run:
	 20 - service_cna_relay_nat (Skipped)
	 22 - service_cna_owned_enet_nat (Skipped)
	 24 - service_cna_session_nat (Skipped)
	 26 - service_cna_invite_nat (Skipped)
	 29 - service_cna_session_restart_nat (Skipped)
	 31 - service_cna_session_host_crash (Skipped)
	 32 - service_cna_session_add_gamer (Skipped)
